cargo : warning: unused variable: `id`
所在位置 行:1 字符: 43
+ ... AI\v2-rust\src-tauri; cargo check --message-format=short 2>&1 | Tee-O ...
+                           ~~~~~~~~~~~~~~~~~~~~~~~~~~~~~~~~~~~~~~~
    + CategoryInfo          : NotSpecified: (warning: unused variable: `id`:String) [], RemoteException
    + FullyQualifiedErrorId : NativeCommandError
 
   --> src-tauri\src\memory\query.rs:223:20
    |
223 |             .map(|(id, (mut result, token_score, semantic_score))| {
    |                    ^^ help: if this is intentional, prefix it with an underscore: `_id`
    |
    = note: `#[warn(unused_variables)]` (part of `#[warn(unused)]`) on by default

warning: `storyforge` (lib) generated 1 warning (run `cargo fix --lib -p storyforge` to apply 1 suggestion)
    Checking storyforge v5.3.1 (F:\mywork\CINEMA-AI\v2-rust\src-tauri)
    Finished `dev` profile [unoptimized + debuginfo] target(s) in 1m 39s
